2026-01-28 21:10:16.434 15231-15231 Typeface                com.weigao.robot.control             I  fontManager.getInitFontWeightScale:1.0
2026-01-28 21:10:16.438 15231-15248 LifecycleTransaction    com.weigao.robot.control             I  activityCallbacks LaunchActivityItem{intent=Intent { act=android.intent.action.MAIN cat=[android.intent.category.LAUNCHER] flg=0x10000000 cmp=com.weigao.robot.control/.ui.main.MainActivity },ident=239395114,info=ActivityInfo{9a2281b com.weigao.robot.control.ui.main.MainActivity},curConfig={1.0 ?mcc?mnc [zh_CN_#Hans] ldltr sw640dp w1024dp h608dp 400dpi lrg hdr land finger -keyb/v/h -nav/h winConfig={ mBounds=Rect(0, 0 - 2560, 1600) mAppBounds=Rect(0, 0 - 2560, 1600) mMaxBounds=Rect(0, 0 - 2560, 1600) mWindowingMode=fullscreen mDisplayWindowingMode=fullscreen mActivityType=undefined mAlwaysOnTop=undefined mRotation=ROTATION_90 mPopOverMode=0} suim:1 extflag:8 s.16491 fontWeightAdjustment=0},overrideConfig={1.0 ?mcc?mnc [zh_CN_#Hans] ldltr sw640dp w1024dp h608dp 400dpi lrg hdr land finger -keyb/v/h -nav/h winConfig={ mBounds=Rect(0, 0 - 2560, 1600) mAppBounds=Rect(0, 0 - 2560, 1600) mMaxBounds=Rect(0, 0 - 2560, 1600) mWindowingMode=fullscreen mDisplayWindowingMode=fullscreen mActivityType=standard mAlwaysOnTop=undefined mRotation=ROTATION_90 mPopOverMode=0} suim:1 extflag:8 s.1 fontWeightAdjustment=0},referrer=com.android.shell,procState=20,state=null,persistentState=null,pendingResults=null,pendingNewIntents=null,options=null,profilerInfo=null,assistToken=android.os.BinderProxy@2257db8,rotationAdj=null,shareableActivityToken=android.os.BinderProxy@a94c791}
2026-01-28 21:10:16.439 15231-15248 LifecycleTransaction    com.weigao.robot.control             I  lifecycleStateRequest ResumeActivityItem{procState=-1,updateProcState=false,isForward=true}
2026-01-28 21:10:16.439 15231-15248 LifecycleTransaction    com.weigao.robot.control             I  activityCallbacks TopResumedActivityChangeItem{onTop=true}
2026-01-28 21:10:16.510 15231-15249 o.robot.contro          com.weigao.robot.control             I  HwMultiThreadDexLoader location /data/app/~~LuNhcPsxk4rboGUEy3nV0g==/com.weigao.robot.control-mqlWzJiMbmPOJSaVuGSn5Q==/base.apk start threadNum=4
2026-01-28 21:10:16.544 15231-15249 o.robot.contro          com.weigao.robot.control             W  OpenDexFilesFromOat: open oat file failed and fallback to load dex file from apk, package_name = com.weigao.robot.control version_code = 1 context = 0xea994330 class_loader = dalvik.system.PathClassLoader/0x0();java.lang.BootClassLoader/0xeab5bbc0 class_loader_status = 0 dex_location = /data/app/~~LuNhcPsxk4rboGUEy3nV0g==/com.weigao.robot.control-mqlWzJiMbmPOJSaVuGSn5Q==/base.apk dex_location_writable = 0 oat_file_exists = 0 is_compressed_dex = 1 is_jank_perceptible = 0 is_process_on_top = 1 is_main_thread = 0 fallback_time = 130108854
2026-01-28 21:10:16.552 15231-15249 ActivityThread          com.weigao.robot.control             I  Init compatible state: true
2026-01-28 21:10:16.553 15231-15249 HwFramewor...rtsFactory com.weigao.robot.control             D  HwFrameworkSecurityPartsFactory in.
2026-01-28 21:10:16.553 15231-15249 HwFramewor...rtsFactory com.weigao.robot.control             I  add HwFrameworkSecurityPartsFactory to memory.
2026-01-28 21:10:16.553 15231-15249 BehaviorCollectManager  com.weigao.robot.control             I  don't match ai support or app dynamic detection condition
2026-01-28 21:10:16.553 15231-15249 BehaviorCollectManager  com.weigao.robot.control             E  Fail to acquire dataAnalyzerService...
2026-01-28 21:10:16.556 15231-15249 HwApiCacheMangerEx      com.weigao.robot.control             I  apicache path=/storage/emulated/10 state=mounted key=com.weigao.robot.control#1010366#256
2026-01-28 21:10:16.556 15231-15231 GraphicsEnvironment     com.weigao.robot.control             V  ANGLE Developer option for 'com.weigao.robot.control' set to: 'default'
2026-01-28 21:10:16.556 15231-15249 HwApiCacheMangerEx      com.weigao.robot.control             I  need clear apicache,because volumes changed,oldCnt=0 newCnt=1
2026-01-28 21:10:16.556 15231-15231 GraphicsEnvironment     com.weigao.robot.control             V  Updatable production driver is not supported on the device.
2026-01-28 21:10:16.557 15231-15249 HwApiCacheMangerEx      com.weigao.robot.control             I  apicache path=/storage/emulated/10 state=mounted key=com.weigao.robot.control#1010366#0
2026-01-28 21:10:16.557 15231-15249 HwApiCacheMangerEx      com.weigao.robot.control             I  need clear apicache,because volumes changed,oldCnt=1 newCnt=1
2026-01-28 21:10:16.558 15231-15231 NetworkSecurityConfig   com.weigao.robot.control             D  No Network Security Config specified, using platform default
2026-01-28 21:10:16.559 15231-15231 NetworkSecurityConfig   com.weigao.robot.control             D  No Network Security Config specified, using platform default
2026-01-28 21:10:16.561 15231-15231 HwViewStackScaleFactory com.weigao.robot.control             I  add android.view.HwViewStackScaleFactory@6b12af7 to memory.
2026-01-28 21:10:16.566 15231-15249 AwareBitmapCacher       com.weigao.robot.control             I  init processName:com.weigao.robot.control pid=15231 uid=1010366
2026-01-28 21:10:16.567 15231-15261 AwareLog                com.weigao.robot.control             E  AtomicFileUtils: readFileLines file not exist: android.util.AtomicFile@437f93
2026-01-28 21:10:16.582 15231-15231 WeigaoApplication       com.weigao.robot.control             I  WeigaoApplication onCreate
2026-01-28 21:10:16.587 15231-15231 HwTypeface              com.weigao.robot.control             I  updateFont: scale=1.0
2026-01-28 21:10:16.588 15231-15231 HwTypeface              com.weigao.robot.control             I  size is 0, use default font family
2026-01-28 21:10:16.589 15231-15231 ActivityThread          com.weigao.robot.control             I  finishPreloaded preloadStatus 0
2026-01-28 21:10:16.589 15231-15231 HwViewRootImpl          com.weigao.robot.control             I  Add sceneId 1 topId: 0
2026-01-28 21:10:16.590 15231-15231 ActivityThread          com.weigao.robot.control             I  handleBindApplication cost: 161
2026-01-28 21:10:16.590 15231-15231 LaunchActivityItem      com.weigao.robot.control             I  execute start, token = android.os.BinderProxy@14d56f6
2026-01-28 21:10:16.594 15231-15231 OpenGLRenderer          com.weigao.robot.control             D  disableOutlineDraw is true
2026-01-28 21:10:16.596 15231-15265 OpenGLRenderer          com.weigao.robot.control             I  RenderThread: progress name = [com.weigao.robot.control], viewCornerType = 0, g2param1 = 0.000000, g2param2 = 0.000000
2026-01-28 21:10:16.597 15231-15267 iGraphics               com.weigao.robot.control             I  [0020080c] pn: com.weigao.robot.control, p: 15231
2026-01-28 21:10:16.597 15231-15267 iGraphics               com.weigao.robot.control             I  [0030080c] no spt app: com.weigao.robot.control
2026-01-28 21:10:16.639 15231-15231 AppCompatDelegate       com.weigao.robot.control             D  Checking for metadata for AppLocalesMetadataHolderService : Service not found
2026-01-28 21:10:16.649 15231-15231 ActivityThread          com.weigao.robot.control             V  callActivityOnCreate
2026-01-28 21:10:16.669 15231-15231 HwApiCacheMangerEx      com.weigao.robot.control             I  apicache path=/storage/emulated/10 state=mounted key=com.weigao.robot.control#1010366#256
2026-01-28 21:10:16.670 15231-15231 HwApiCacheMangerEx      com.weigao.robot.control             I  need clear apicache,because volumes changed,oldCnt=1 newCnt=1
2026-01-28 21:10:16.690 15231-15231 DecorView[]             com.weigao.robot.control             D  window mode != magicWin, return false
2026-01-28 21:10:16.690 15231-15231 DecorView[]             com.weigao.robot.control             I  pkgName:com.weigao.robot.control old windowMode:0 new windoMode:1, isFixedSize:false, isStackNeedCaptionView:true
2026-01-28 21:10:16.690 15231-15231 DecorView[]             com.weigao.robot.control             D  window mode != magicWin, return false
2026-01-28 21:10:16.705 15231-15231 MainActivity            com.weigao.robot.control             D  MainActivity onCreate - 启动应用
2026-01-28 21:10:16.717 15231-15231 o.robot.contro          com.weigao.robot.control             W  Accessing hidden method Landroid/view/ViewGroup;->makeOptionalFitsSystemWindows()V (unsupported, reflection, allowed)
2026-01-28 21:10:16.812 15231-15231 MainActivity            com.weigao.robot.control             I  检查应用权限...
2026-01-28 21:10:16.813 15231-15231 MainActivity            com.weigao.robot.control             I  请求权限: [android.permission.READ_PHONE_STATE, android.permission.ACCESS_FINE_LOCATION, android.permission.ACCESS_COARSE_LOCATION, android.permission.READ_EXTERNAL_STORAGE, android.permission.WRITE_EXTERNAL_STORAGE]
2026-01-28 21:10:16.829 15231-15250 LifecycleTransaction    com.weigao.robot.control             I  activityCallbacks TopResumedActivityChangeItem{onTop=false}
2026-01-28 21:10:16.830 15231-15250 LifecycleTransaction    com.weigao.robot.control             I  lifecycleStateRequest PauseActivityItem{finished=false,userLeaving=true,configChanges=0,dontReport=false}
2026-01-28 21:10:16.850 15231-15231 ActivityThread          com.weigao.robot.control             I  add activity client record, r= ActivityRecord{430d311 token=android.os.BinderProxy@14d56f6 {com.weigao.robot.control/com.weigao.robot.control.ui.main.MainActivity}} token= android.os.BinderProxy@14d56f6
2026-01-28 21:10:16.867 15231-15231 HwPartMagi...dowFactory com.weigao.robot.control             I  add HwPartMagicWindowFactory to memory.
2026-01-28 21:10:16.872 15231-15231 InputMethodManager      com.weigao.robot.control             I  forContextInternal diaplayId:0,instance=android.view.inputmethod.InputMethodManager@5950550
2026-01-28 21:10:16.876 15231-15231 MouseWheelSynthesizer   com.weigao.robot.control             D  mMoveStepInDp: 64, mMoveStepInPixel: 160, mUpTimeDelayed: 100
2026-01-28 21:10:16.878 15231-15231 ViewRootImpl            com.weigao.robot.control             D  ViewUI ViewRootImpl mIsInProductivePCDisplay: false
2026-01-28 21:10:16.893 15231-15231 HwVideoDetectManager    com.weigao.robot.control             E  metaData is null, return false.
2026-01-28 21:10:16.897 15231-15231 DecorView[]             com.weigao.robot.control             D  window mode != magicWin, return false
2026-01-28 21:10:16.897 15231-15231 DecorView[]             com.weigao.robot.control             I  pkgName:com.weigao.robot.control old windowMode:1 new windoMode:1, isFixedSize:false, isStackNeedCaptionView:true
2026-01-28 21:10:16.900 15231-15231 InsetsController        com.weigao.robot.control             I  ViewUI_insets updateState new source: InsetsSource: {mType=ITYPE_STATUS_BAR, mFrame=[0,0][2560,80], mVisible=true}
2026-01-28 21:10:16.901 15231-15231 InsetsController        com.weigao.robot.control             I  ViewUI_insets updateState new source: InsetsSource: {mType=ITYPE_NAVIGATION_BAR, mFrame=[0,0][0,0], mVisible=false}
2026-01-28 21:10:16.902 15231-15231 InputEventReceiver      com.weigao.robot.control             D  dispatchInputInterval 0
2026-01-28 21:10:16.907 15231-15231 HwSoraManager           com.weigao.robot.control             I  SORA is disabled for com.weigao.robot.control.ui.main.MainActivity
2026-01-28 21:10:16.908 15231-15231 Choreographer           com.weigao.robot.control             I  Skipped 38 frames! The application may be doing too much work on its main thread.
2026-01-28 21:10:16.909 15231-15231 RmeSchedManager         com.weigao.robot.control             I  init Rme, version is: v1.0
2026-01-28 21:10:16.909 15231-15231 RmeSchedManager         com.weigao.robot.control             I  init Rme, version is: v1.0
2026-01-28 21:10:16.917 15231-15231 SceneHelper             com.weigao.robot.control             D  initSceneCodeMap SCENE_CODE {FLING=0, TRANSIT=8, H_HDS=R, ANIM_LOW=d, ANIMATION_DRAWABLE=3, CONTROL_CENTER=M, BANNER_NOTIFICATION=P, SCREEN_FOLDABLE=C, PHOTOS_GRID_ACTIVE=g, L_CA=S, ANIM_VERY_LOW=c, ANIM_MEDIUM=e, BACK_LAUNCHER=7, SCREEN_SHOTS=X, HWVIEWPAGER_SLIDE=6, MULTI_TASKING=J, H_HEH=Q, PHOTOS_PBV_ENTER=V, H_SP=a, S_CSA=N, H_OCF=I, VOLUME_ANIMATION=O, HWBOTTOMSHEET_SCROLL=5, UNLOCK_INTO_LAUNCHER=G, H_QS=H, APP_BACK_ANIMATION=E, APP_START_ANIMATION=D, S_DDN=K, IME=9, PHOTOS_PBV_ROTATION=U, INCOMING_CALL=Y, CAMERA_ENTER=T, ANIMATOR=1, ANIMATION=2, VECTOR_DRAWABLE=4, S_DDC=L, FREEFORM_CHANGE=B, ANIM_HIGH=f, PHOTOS_SLOT_ALBUM_ENTER=W, SCREEN_RORATION=A, TRANSIT_ACTIVITY=F, H_FH=b, H_LT=Z}, CODE_SCENE{A=SCREEN_RORATION, B=FREEFORM_CHANGE, C=SCREEN_FOLDABLE, D=APP_START_ANIMATION, E=APP_BACK_ANIMATION, F=TRANSIT_ACTIVITY, G=UNLOCK_INTO_LAUNCHER, H=H_QS, I=H_OCF, J=MULTI_TASKING, K=S_DDN, L=S_DDC, M=CONTROL_CENTER, N=S_CSA, O=VOLUME_ANIMATION, P=BANNER_NOTIFICATION, Q=H_HEH, R=H_HDS, S=L_CA, T=CAMERA_ENTER, U=PHOTOS_PBV_ROTATION, V=PHOTOS_PBV_ENTER, W=PHOTOS_SLOT_ALBUM_ENTER, X=SCREEN_SHOTS, Y=INCOMING_CALL, Z=H_LT, a=H_SP, b=H_FH, c=ANIM_VERY_LOW, d=ANIM_LOW, e=ANIM_MEDIUM, f=ANIM_HIGH, g=PHOTOS_GRID_ACTIVE, 0=FLING, 1=ANIMATOR, 2=ANIMATION, 3=ANIMATION_DRAWABLE, 4=VECTOR_DRAWABLE, 5=HWBOTTOMSHEET_SCROLL, 6=HWVIEWPAGER_SLIDE, 7=BACK_LAUNCHER, 8=TRANSIT, 9=IME}
2026-01-28 21:10:16.917 15231-15231 SceneHelper             com.weigao.robot.control             D  initAnimScene {A=LTPO_1, B=LTPO_1, C=LTPO_1, D=LTPO_1, E=LTPO_1, F=LTPO_1, G=LTPO_1, H=LTPO_1, I=LTPO_1, J=LTPO_1, K=LTPO_1, L=LTPO_1, M=LTPO_1, N=LTPO_1, O=LTPO_1, P=LTPO_1, T=LTPO_1, U=LTPO_1, X=LTPO_1, Z=LTPO_1, a=LTPO_1, b=LTPO_1, g=LTPO_1, 0=LTPO_1, 5=LTPO_1, 6=LTPO_1, 7=LTPO_1, 8=LTPO_1, 9=LTPO_1}
2026-01-28 21:10:16.918 15231-15231 SceneHelper             com.weigao.robot.control             D  initDynamicScene {0=[I@4df6d8b, D=[I@b042e68, E=[I@35ba281, F=[I@a4daf26}
2026-01-28 21:10:16.919 15231-15231 SceneHelper             com.weigao.robot.control             D  initRateMap {60=[I@bd55767, 120S=[I@b21c914, 90S=[I@21ee5bd, 90=[I@e5597b2, 120=[I@4560303}
2026-01-28 21:10:16.928 15231-15275 HiTouch_Pr...reDetector com.weigao.robot.control             D  onAttached, package=com.weigao.robot.control, windowType=1, mIsHiTouchRestricted=false
2026-01-28 21:10:16.935 15231-15231 DecorView               com.weigao.robot.control             I  updateColorViewInt type:0 size: 80 color:ff6750a4 appColor:ff6750a4
2026-01-28 21:10:16.959 15231-15231 BufferQueueCore         com.weigao.robot.control             D  BufferQueueCore: mDebugHwFlow=0, mIsBufferQueueLogVSupport=0.
2026-01-28 21:10:16.962 15231-15231 InsetsSourceConsumer    com.weigao.robot.control             D  ViewUI_insets setControl -> ITYPE_STATUS_BAR on com.weigao.robot.control/com.weigao.robot.control.ui.main.MainActivity
2026-01-28 21:10:16.962 15231-15231 InsetsSourceConsumer    com.weigao.robot.control             D  ViewUI_insets setControl mType:0, requestedVisible:true, getLeash:null, needAnimation:false, mIsAnimationPending:false, getRootViewTitle:com.weigao.robot.control/com.weigao.robot.control.ui.main.MainActivity
2026-01-28 21:10:16.964 15231-15265 AdrenoGLES-0            com.weigao.robot.control             I  QUALCOMM build                   : 5ac347592d, I5b26abddf4
                                                                                                    Build Date                       : 12/24/21
                                                                                                    OpenGL ES Shader Compiler Version: EV031.32.02.17
                                                                                                    Local Branch                     : 
                                                                                                    Remote Branch                    : 
                                                                                                    Remote Branch                    : 
                                                                                                    Reconstruct Branch               : 
2026-01-28 21:10:16.964 15231-15265 AdrenoGLES-0            com.weigao.robot.control             I  Build Config                     : S P 10.0.7 AArch32
2026-01-28 21:10:16.964 15231-15265 AdrenoGLES-0            com.weigao.robot.control             I  Driver Path                      : /vendor/lib/egl/libGLESv2_adreno.so
2026-01-28 21:10:16.968 15231-15265 AdrenoGLES-0            com.weigao.robot.control             I  PFP: 0x016dd093, ME: 0x00000000
2026-01-28 21:10:16.984 15231-15265 OpenGLRenderer          com.weigao.robot.control             I  CacheManager width 1600, height 2560
2026-01-28 21:10:16.985 15231-15265 hw-ProcessState         com.weigao.robot.control             D  Binder ioctl to enable oneway spam detection failed: Invalid argument
2026-01-28 21:10:16.986 15231-15265 OpenGLRenderer          com.weigao.robot.control             E  Unable to match the desired swap behavior.
2026-01-28 21:10:17.035 15231-15231 HwViewRootImpl          com.weigao.robot.control             I  removeInvalidNode jank list is null
2026-01-28 21:10:17.035 15231-15231 HwViewRootImpl          com.weigao.robot.control             I  remove sceneId 1 topId: 0
2026-01-28 21:10:17.036 15231-15231 HwViewRootImpl          com.weigao.robot.control             I  Add sceneId 10 topId: 0
2026-01-28 21:10:17.037 15231-15286 OpenGLRenderer          com.weigao.robot.control             D  gpu complete is not signaled
2026-01-28 21:10:17.039 15231-15231 TopResumed...ChangeItem com.weigao.robot.control             I  execute start, ActivityClientRecord = ActivityRecord{430d311 token=android.os.BinderProxy@14d56f6 {com.weigao.robot.control/com.weigao.robot.control.ui.main.MainActivity}}
2026-01-28 21:10:17.040 15231-15231 TopResumed...ChangeItem com.weigao.robot.control             I  execute start, ActivityClientRecord = ActivityRecord{430d311 token=android.os.BinderProxy@14d56f6 {com.weigao.robot.control/com.weigao.robot.control.ui.main.MainActivity}}
2026-01-28 21:10:17.047 15231-15231 HwViewRootImpl          com.weigao.robot.control             I  remove sceneId 10 topId: 0
2026-01-28 21:10:17.068 15231-15265 OpenGLRenderer          com.weigao.robot.control             D  disableOutlineDraw is true
2026-01-28 21:10:17.070 15231-15231 InsetsSourceConsumer    com.weigao.robot.control             D  ViewUI_insets setControl -> ITYPE_STATUS_BAR on com.weigao.robot.control/com.weigao.robot.control.ui.main.MainActivity
2026-01-28 21:10:17.070 15231-15231 InsetsSourceConsumer    com.weigao.robot.control             D  ViewUI_insets setControl mType:0, requestedVisible:true, getLeash:Surface(name=Surface(name=21ed6d6 StatusBar)/@0xf7d66bc - animation-leash of insets_animation)/@0x7029547, needAnimation:false, mIsAnimationPending:false, getRootViewTitle:com.weigao.robot.control/com.weigao.robot.control.ui.main.MainActivity
2026-01-28 21:10:17.071 15231-15231 ImeFocusController      com.weigao.robot.control             I  ViewUI imeDisplayId:0 contextDisplayId:0
2026-01-28 21:10:17.071 15231-15231 InputMethodManager      com.weigao.robot.control             I  set currentRootView to : android.view.ViewRootImpl@17f6174
2026-01-28 21:10:17.075 15231-15231 InputMethodManager      com.weigao.robot.control             I  Starting input: reason=WINDOW_FOCUS_GAIN
2026-01-28 21:10:17.076 15231-15231 HwRemoteIn...hodManager com.weigao.robot.control             W  isCasting false because IHwDistributedWindowManager is invalid.
2026-01-28 21:10:17.078 15231-15231 InputMethodManager      com.weigao.robot.control             I  Starting input: Bind resultString=SUCCESS_WAITING_IME_SESSION
2026-01-28 21:10:17.082 15231-15231 InsetsSourceConsumer    com.weigao.robot.control             I  ViewUI_insets mSourceControl is null notifyControlRevoked type: 0
2026-01-28 21:10:17.086 15231-15231 InputMethodManager      com.weigao.robot.control             I  Starting input: reason=BOUND_TO_IMMS
2026-01-28 21:10:17.087 15231-15231 InputMethodManager      com.weigao.robot.control             I  Starting input: finished by someone else. servedView=DecorView@1eb20e0[MainActivity],focus=false,windowFocus=true,autofillUiShowing=false,window=android.view.ViewRootImpl$W@2616f99,displayId=0,temporaryDetach=false,hasImeFocus=true mServedConnecting=false
2026-01-28 21:10:17.095 15231-15231 InsetsSourceConsumer    com.weigao.robot.control             D  ViewUI_insets setControl -> ITYPE_IME on com.weigao.robot.control/com.weigao.robot.control.ui.main.MainActivity
2026-01-28 21:10:17.188 15231-15250 OpenGLRenderer          com.weigao.robot.control             D  gpu complete is not signaled
2026-01-28 21:10:17.265 15231-15231 RmeSchedManager         com.weigao.robot.control             I  init Rme, version is: v1.0
2026-01-28 21:10:21.570 15231-15231 AwareBitmapCacher       com.weigao.robot.control             I  init lrucache size: 4194304 pid=15231
2026-01-28 21:10:21.961 15231-15351 ProfileInstaller        com.weigao.robot.control             D  Installing profile for com.weigao.robot.control
2026-01-28 21:10:25.097 15231-15231 InsetsSourceConsumer    com.weigao.robot.control             D  ViewUI_insets setControl -> ITYPE_STATUS_BAR on com.weigao.robot.control/com.weigao.robot.control.ui.main.MainActivity
2026-01-28 21:10:25.097 15231-15231 InsetsSourceConsumer    com.weigao.robot.control             D  ViewUI_insets setControl mType:0, requestedVisible:true, getLeash:Surface(name=Surface(name=21ed6d6 StatusBar)/@0xf7d66bc - animation-leash of insets_animation)/@0xec34672, needAnimation:false, mIsAnimationPending:false, getRootViewTitle:com.weigao.robot.control/com.weigao.robot.control.ui.main.MainActivity
2026-01-28 21:10:25.100 15231-15250 LifecycleTransaction    com.weigao.robot.control             I  activityCallbacks TopResumedActivityChangeItem{onTop=true}
2026-01-28 21:10:25.100 15231-15231 TopResumed...ChangeItem com.weigao.robot.control             I  execute start, ActivityClientRecord = ActivityRecord{430d311 token=android.os.BinderProxy@14d56f6 {com.weigao.robot.control/com.weigao.robot.control.ui.main.MainActivity}}
2026-01-28 21:10:25.100 15231-15231 ActivityThread          com.weigao.robot.control             D  Won't deliver top position change in state=4
2026-01-28 21:10:25.101 15231-15231 RmeSchedManager         com.weigao.robot.control             I  init Rme, version is: v1.0
2026-01-28 21:10:25.102 15231-15248 LifecycleTransaction    com.weigao.robot.control             I  activityCallbacks ActivityResultItem{resultInfoList=[ResultInfo{who=@android:requestPermissions:, request=101, result=-1, data=Intent { act=android.content.pm.action.REQUEST_PERMISSIONS (has extras) }}]}
2026-01-28 21:10:25.102 15231-15248 LifecycleTransaction    com.weigao.robot.control             I  lifecycleStateRequest ResumeActivityItem{procState=2,updateProcState=true,isForward=true}
2026-01-28 21:10:25.103 15231-15231 MainActivity            com.weigao.robot.control             E  权限被拒绝，应用可能无法正常工作
2026-01-28 21:10:25.103 15231-15231 HwViewRootImpl          com.weigao.robot.control             I  Add sceneId 3 topId: 0
2026-01-28 21:10:25.125 15231-15231 HwViewRootImpl          com.weigao.robot.control             I  remove sceneId 3 topId: 0
2026-01-28 21:10:25.126 15231-15231 HwViewRootImpl          com.weigao.robot.control             I  Add sceneId 10 topId: 0
2026-01-28 21:10:25.126 15231-15231 InputMethodManager      com.weigao.robot.control             I  set currentRootView to : android.view.ViewRootImpl@17f6174
2026-01-28 21:10:25.130 15231-15231 InputMethodManager      com.weigao.robot.control             I  Starting input: reason=WINDOW_FOCUS_GAIN
2026-01-28 21:10:25.130 15231-15231 HwRemoteIn...hodManager com.weigao.robot.control             W  isCasting false because IHwDistributedWindowManager is invalid.
2026-01-28 21:10:25.132 15231-15231 InputMethodManager      com.weigao.robot.control             I  Starting input: Bind resultString=SUCCESS_WITH_IME_SESSION
2026-01-28 21:10:30.795 15231-15286 LifecycleTransaction    com.weigao.robot.control             I  activityCallbacks TopResumedActivityChangeItem{onTop=false}
2026-01-28 21:10:30.797 15231-15231 TopResumed...ChangeItem com.weigao.robot.control             I  execute start, ActivityClientRecord = ActivityRecord{430d311 token=android.os.BinderProxy@14d56f6 {com.weigao.robot.control/com.weigao.robot.control.ui.main.MainActivity}}
2026-01-28 21:10:30.821 15231-15286 LifecycleTransaction    com.weigao.robot.control             I  lifecycleStateRequest PauseActivityItem{finished=false,userLeaving=true,configChanges=0,dontReport=true}
2026-01-28 21:10:30.855 15231-15231 HwViewRootImpl          com.weigao.robot.control             I  remove sceneId 10 topId: 0
2026-01-28 21:10:30.858 15231-15231 InsetsSourceConsumer    com.weigao.robot.control             I  ViewUI_insets mSourceControl is null notifyControlRevoked type: 0
2026-01-28 21:10:30.860 15231-15286 LifecycleTransaction    com.weigao.robot.control             I  lifecycleStateRequest StopActivityItem{showWindow=false,configChanges=0}
2026-01-28 21:10:30.891 15231-15231 WindowManager           com.weigao.robot.control             I  trimMemory level: 20
2026-01-28 21:10:30.990 15231-15231 RmeSchedManager         com.weigao.robot.control             I  init Rme, version is: v1.0
2026-01-28 21:10:34.949 15231-15231 WindowManager           com.weigao.robot.control             I  trimMemory level: 40
2026-01-28 21:10:35.899 15231-15231 AwareBitmapCacher       com.weigao.robot.control             I  handleReleaseCache: pid=15231
2026-01-28 21:10:35.900 15231-15231 AwareBitmapCacher       com.weigao.robot.control             I  init lrucache size: 4194304 pid=15231
2026-01-28 21:10:36.243 15231-15250 LifecycleTransaction    com.weigao.robot.control             I  activityCallbacks TopResumedActivityChangeItem{onTop=true}
2026-01-28 21:10:36.244 15231-15250 LifecycleTransaction    com.weigao.robot.control             I  lifecycleStateRequest ResumeActivityItem{procState=16,updateProcState=true,isForward=true}
2026-01-28 21:10:36.247 15231-15231 TopResumed...ChangeItem com.weigao.robot.control             I  execute start, ActivityClientRecord = ActivityRecord{430d311 token=android.os.BinderProxy@14d56f6 {com.weigao.robot.control/com.weigao.robot.control.ui.main.MainActivity}}
2026-01-28 21:10:36.247 15231-15231 ActivityThread          com.weigao.robot.control             D  Won't deliver top position change in state=5